/home/pombredanne/bin/tracecode/test_data/.svn/all-wcprops,/home/pombredanne/bin/tracecode/tst/test_data/.svn/all-wcprops
/home/pombredanne/bin/tracecode/test_data/.svn/entries,/home/pombredanne/bin/tracecode/tst/test_data/.svn/entries
/home/pombredanne/bin/tracecode/test_data/analy_patchelf/.svn/all-wcprops,/home/pombredanne/bin/tracecode/tst/test_data/analy_patchelf/.svn/all-wcprops
/home/pombredanne/bin/tracecode/test_data/analy_patchelf/.svn/entries,/home/pombredanne/bin/tracecode/tst/test_data/analy_patchelf/.svn/entries
/home/pombredanne/bin/tracecode/test_data/analy_patchelf/.svn/prop-base/trace-archive.tar.bz2.svn-base,/home/pombredanne/bin/tracecode/tst/test_data/analy_patchelf/.svn/prop-base/trace-archive.tar.bz2.svn-base
/home/pombredanne/bin/tracecode/test_data/analy_patchelf/.svn/text-base/trace-archive.tar.bz2.svn-base,/home/pombredanne/bin/tracecode/tst/test_data/analy_patchelf/.svn/text-base/trace-archive.tar.bz2.svn-base
/home/pombredanne/bin/tracecode/test_data/analy_patchelf/trace-archive.tar.bz2,/home/pombredanne/bin/tracecode/tst/test_data/analy_patchelf/trace-archive.tar.bz2
/home/pombredanne/bin/tracecode/test_data/analy_patchelf_settings/.svn/all-wcprops,/home/pombredanne/bin/tracecode/tst/test_data/analy_patchelf_settings/.svn/all-wcprops
/home/pombredanne/bin/tracecode/test_data/analy_patchelf_settings/.svn/entries,/home/pombredanne/bin/tracecode/tst/test_data/analy_patchelf_settings/.svn/entries
/home/pombredanne/bin/tracecode/test_data/analy_patchelf_settings/.svn/prop-base/trace-archive.tar.bz2.svn-base,/home/pombredanne/bin/tracecode/tst/test_data/analy_patchelf_settings/.svn/prop-base/trace-archive.tar.bz2.svn-base
/home/pombredanne/bin/tracecode/test_data/analy_patchelf_settings/.svn/text-base/trace-archive.tar.bz2.svn-base,/home/pombredanne/bin/tracecode/tst/test_data/analy_patchelf_settings/.svn/text-base/trace-archive.tar.bz2.svn-base
/home/pombredanne/bin/tracecode/test_data/analy_patchelf_settings/trace-archive.tar.bz2,/home/pombredanne/bin/tracecode/tst/test_data/analy_patchelf_settings/trace-archive.tar.bz2
/home/pombredanne/bin/tracecode/test_data/analy_patchelf_settings2/.svn/all-wcprops,/home/pombredanne/bin/tracecode/tst/test_data/analy_patchelf_settings2/.svn/all-wcprops
/home/pombredanne/bin/tracecode/test_data/analy_patchelf_settings2/.svn/entries,/home/pombredanne/bin/tracecode/tst/test_data/analy_patchelf_settings2/.svn/entries
/home/pombredanne/bin/tracecode/test_data/analy_patchelf_settings2/.svn/prop-base/trace-archive.tar.bz2.svn-base,/home/pombredanne/bin/tracecode/tst/test_data/analy_patchelf_settings2/.svn/prop-base/trace-archive.tar.bz2.svn-base
/home/pombredanne/bin/tracecode/test_data/analy_patchelf_settings2/.svn/text-base/trace-archive.tar.bz2.svn-base,/home/pombredanne/bin/tracecode/tst/test_data/analy_patchelf_settings2/.svn/text-base/trace-archive.tar.bz2.svn-base
/home/pombredanne/bin/tracecode/test_data/analy_patchelf_settings2/trace-archive.tar.bz2,/home/pombredanne/bin/tracecode/tst/test_data/analy_patchelf_settings2/trace-archive.tar.bz2
/home/pombredanne/bin/tracecode/test_data/as_ops/.svn/all-wcprops,/home/pombredanne/bin/tracecode/tst/test_data/as_ops/.svn/all-wcprops
/home/pombredanne/bin/tracecode/test_data/as_ops/.svn/entries,/home/pombredanne/bin/tracecode/tst/test_data/as_ops/.svn/entries
/home/pombredanne/bin/tracecode/test_data/as_ops/trace/.svn/all-wcprops,/home/pombredanne/bin/tracecode/tst/test_data/as_ops/trace/.svn/all-wcprops
/home/pombredanne/bin/tracecode/test_data/as_ops/trace/.svn/entries,/home/pombredanne/bin/tracecode/tst/test_data/as_ops/trace/.svn/entries
/home/pombredanne/bin/tracecode/test_data/as_ops/trace/.svn/text-base/t.2799712.svn-base,/home/pombredanne/bin/tracecode/tst/test_data/as_ops/trace/.svn/text-base/t.2799712.svn-base
/home/pombredanne/bin/tracecode/test_data/as_ops/trace/t.2799712,/home/pombredanne/bin/tracecode/tst/test_data/as_ops/trace/t.2799712
/home/pombredanne/bin/tracecode/test_data/bug1/.svn/all-wcprops,/home/pombredanne/bin/tracecode/tst/test_data/bug1/.svn/all-wcprops
/home/pombredanne/bin/tracecode/test_data/bug1/.svn/entries,/home/pombredanne/bin/tracecode/tst/test_data/bug1/.svn/entries
/home/pombredanne/bin/tracecode/test_data/bug1/.svn/text-base/t.2461545.svn-base,/home/pombredanne/bin/tracecode/tst/test_data/bug1/.svn/text-base/t.2461545.svn-base
/home/pombredanne/bin/tracecode/test_data/bug1/t.2461545,/home/pombredanne/bin/tracecode/tst/test_data/bug1/t.2461545
/home/pombredanne/bin/tracecode/test_data/can_parse_dup_call/.svn/all-wcprops,/home/pombredanne/bin/tracecode/tst/test_data/can_parse_dup_call/.svn/all-wcprops
/home/pombredanne/bin/tracecode/test_data/can_parse_dup_call/.svn/entries,/home/pombredanne/bin/tracecode/tst/test_data/can_parse_dup_call/.svn/entries
/home/pombredanne/bin/tracecode/test_data/can_parse_dup_call/trace/.svn/all-wcprops,/home/pombredanne/bin/tracecode/tst/test_data/can_parse_dup_call/trace/.svn/all-wcprops
/home/pombredanne/bin/tracecode/test_data/can_parse_dup_call/trace/.svn/entries,/home/pombredanne/bin/tracecode/tst/test_data/can_parse_dup_call/trace/.svn/entries
/home/pombredanne/bin/tracecode/test_data/can_parse_dup_call/trace/.svn/text-base/bash-build01.70793.svn-base,/home/pombredanne/bin/tracecode/tst/test_data/can_parse_dup_call/trace/.svn/text-base/bash-build01.70793.svn-base
/home/pombredanne/bin/tracecode/test_data/can_parse_dup_call/trace/bash-build01.70793,/home/pombredanne/bin/tracecode/tst/test_data/can_parse_dup_call/trace/bash-build01.70793
/home/pombredanne/bin/tracecode/test_data/d2d_cups_settings/.svn/all-wcprops,/home/pombredanne/bin/tracecode/tst/test_data/d2d_cups_settings/.svn/all-wcprops
/home/pombredanne/bin/tracecode/test_data/d2d_cups_settings/.svn/entries,/home/pombredanne/bin/tracecode/tst/test_data/d2d_cups_settings/.svn/entries
/home/pombredanne/bin/tracecode/test_data/d2d_cups_settings/.svn/prop-base/trace-archive.tar.bz2.svn-base,/home/pombredanne/bin/tracecode/tst/test_data/d2d_cups_settings/.svn/prop-base/trace-archive.tar.bz2.svn-base
/home/pombredanne/bin/tracecode/test_data/d2d_cups_settings/.svn/text-base/expected.svn-base,/home/pombredanne/bin/tracecode/tst/test_data/d2d_cups_settings/.svn/text-base/expected.svn-base
/home/pombredanne/bin/tracecode/test_data/d2d_cups_settings/.svn/text-base/sources.svn-base,/home/pombredanne/bin/tracecode/tst/test_data/d2d_cups_settings/.svn/text-base/sources.svn-base
/home/pombredanne/bin/tracecode/test_data/d2d_cups_settings/.svn/text-base/trace-archive.tar.bz2.svn-base,/home/pombredanne/bin/tracecode/tst/test_data/d2d_cups_settings/.svn/text-base/trace-archive.tar.bz2.svn-base
/home/pombredanne/bin/tracecode/test_data/d2d_cups_settings/expected,/home/pombredanne/bin/tracecode/tst/test_data/d2d_cups_settings/expected
/home/pombredanne/bin/tracecode/test_data/d2d_cups_settings/sources,/home/pombredanne/bin/tracecode/tst/test_data/d2d_cups_settings/sources
/home/pombredanne/bin/tracecode/test_data/d2d_cups_settings/trace-archive.tar.bz2,/home/pombredanne/bin/tracecode/tst/test_data/d2d_cups_settings/trace-archive.tar.bz2
/home/pombredanne/bin/tracecode/test_data/d2d_patchelf_settings/.svn/all-wcprops,/home/pombredanne/bin/tracecode/tst/test_data/d2d_patchelf_settings/.svn/all-wcprops
/home/pombredanne/bin/tracecode/test_data/d2d_patchelf_settings/.svn/entries,/home/pombredanne/bin/tracecode/tst/test_data/d2d_patchelf_settings/.svn/entries
/home/pombredanne/bin/tracecode/test_data/d2d_patchelf_settings/.svn/prop-base/trace-archive.tar.bz2.svn-base,/home/pombredanne/bin/tracecode/tst/test_data/d2d_patchelf_settings/.svn/prop-base/trace-archive.tar.bz2.svn-base
/home/pombredanne/bin/tracecode/test_data/d2d_patchelf_settings/.svn/text-base/trace-archive.tar.bz2.svn-base,/home/pombredanne/bin/tracecode/tst/test_data/d2d_patchelf_settings/.svn/text-base/trace-archive.tar.bz2.svn-base
/home/pombredanne/bin/tracecode/test_data/d2d_patchelf_settings/trace-archive.tar.bz2,/home/pombredanne/bin/tracecode/tst/test_data/d2d_patchelf_settings/trace-archive.tar.bz2
/home/pombredanne/bin/tracecode/test_data/d2d_strace_settings/.svn/all-wcprops,/home/pombredanne/bin/tracecode/tst/test_data/d2d_strace_settings/.svn/all-wcprops
/home/pombredanne/bin/tracecode/test_data/d2d_strace_settings/.svn/entries,/home/pombredanne/bin/tracecode/tst/test_data/d2d_strace_settings/.svn/entries
/home/pombredanne/bin/tracecode/test_data/d2d_strace_settings/.svn/prop-base/trace-archive.tar.bz2.svn-base,/home/pombredanne/bin/tracecode/tst/test_data/d2d_strace_settings/.svn/prop-base/trace-archive.tar.bz2.svn-base
/home/pombredanne/bin/tracecode/test_data/d2d_strace_settings/.svn/text-base/expected.svn-base,/home/pombredanne/bin/tracecode/tst/test_data/d2d_strace_settings/.svn/text-base/expected.svn-base
/home/pombredanne/bin/tracecode/test_data/d2d_strace_settings/.svn/text-base/sources.svn-base,/home/pombredanne/bin/tracecode/tst/test_data/d2d_strace_settings/.svn/text-base/sources.svn-base
/home/pombredanne/bin/tracecode/test_data/d2d_strace_settings/.svn/text-base/trace-archive.tar.bz2.svn-base,/home/pombredanne/bin/tracecode/tst/test_data/d2d_strace_settings/.svn/text-base/trace-archive.tar.bz2.svn-base
/home/pombredanne/bin/tracecode/test_data/d2d_strace_settings/expected,/home/pombredanne/bin/tracecode/tst/test_data/d2d_strace_settings/expected
/home/pombredanne/bin/tracecode/test_data/d2d_strace_settings/sources,/home/pombredanne/bin/tracecode/tst/test_data/d2d_strace_settings/sources
/home/pombredanne/bin/tracecode/test_data/d2d_strace_settings/trace-archive.tar.bz2,/home/pombredanne/bin/tracecode/tst/test_data/d2d_strace_settings/trace-archive.tar.bz2
/home/pombredanne/bin/tracecode/test_data/file_graph_analysis_patchelf/.svn/all-wcprops,/home/pombredanne/bin/tracecode/tst/test_data/file_graph_analysis_patchelf/.svn/all-wcprops
/home/pombredanne/bin/tracecode/test_data/file_graph_analysis_patchelf/.svn/entries,/home/pombredanne/bin/tracecode/tst/test_data/file_graph_analysis_patchelf/.svn/entries
/home/pombredanne/bin/tracecode/test_data/file_graph_analysis_patchelf/.svn/prop-base/trace-archive.tar.bz2.svn-base,/home/pombredanne/bin/tracecode/tst/test_data/file_graph_analysis_patchelf/.svn/prop-base/trace-archive.tar.bz2.svn-base
/home/pombredanne/bin/tracecode/test_data/file_graph_analysis_patchelf/.svn/text-base/expected_ints.svn-base,/home/pombredanne/bin/tracecode/tst/test_data/file_graph_analysis_patchelf/.svn/text-base/expected_ints.svn-base
/home/pombredanne/bin/tracecode/test_data/file_graph_analysis_patchelf/.svn/text-base/expected_srcs.svn-base,/home/pombredanne/bin/tracecode/tst/test_data/file_graph_analysis_patchelf/.svn/text-base/expected_srcs.svn-base
/home/pombredanne/bin/tracecode/test_data/file_graph_analysis_patchelf/.svn/text-base/expected_tgts.svn-base,/home/pombredanne/bin/tracecode/tst/test_data/file_graph_analysis_patchelf/.svn/text-base/expected_tgts.svn-base
/home/pombredanne/bin/tracecode/test_data/file_graph_analysis_patchelf/.svn/text-base/trace-archive.tar.bz2.svn-base,/home/pombredanne/bin/tracecode/tst/test_data/file_graph_analysis_patchelf/.svn/text-base/trace-archive.tar.bz2.svn-base
/home/pombredanne/bin/tracecode/test_data/file_graph_analysis_patchelf/expected_ints,/home/pombredanne/bin/tracecode/tst/test_data/file_graph_analysis_patchelf/expected_ints
/home/pombredanne/bin/tracecode/test_data/file_graph_analysis_patchelf/expected_srcs,/home/pombredanne/bin/tracecode/tst/test_data/file_graph_analysis_patchelf/expected_srcs
/home/pombredanne/bin/tracecode/test_data/file_graph_analysis_patchelf/expected_tgts,/home/pombredanne/bin/tracecode/tst/test_data/file_graph_analysis_patchelf/expected_tgts
/home/pombredanne/bin/tracecode/test_data/file_graph_analysis_patchelf/trace-archive.tar.bz2,/home/pombredanne/bin/tracecode/tst/test_data/file_graph_analysis_patchelf/trace-archive.tar.bz2
/home/pombredanne/bin/tracecode/test_data/filtering/.svn/all-wcprops,/home/pombredanne/bin/tracecode/tst/test_data/filtering/.svn/all-wcprops
/home/pombredanne/bin/tracecode/test_data/filtering/.svn/entries,/home/pombredanne/bin/tracecode/tst/test_data/filtering/.svn/entries
/home/pombredanne/bin/tracecode/test_data/filtering/t/.svn/all-wcprops,/home/pombredanne/bin/tracecode/tst/test_data/filtering/t/.svn/all-wcprops
/home/pombredanne/bin/tracecode/test_data/filtering/t/.svn/entries,/home/pombredanne/bin/tracecode/tst/test_data/filtering/t/.svn/entries
/home/pombredanne/bin/tracecode/test_data/filtering/t/.svn/text-base/trace.70676.svn-base,/home/pombredanne/bin/tracecode/tst/test_data/filtering/t/.svn/text-base/trace.70676.svn-base
/home/pombredanne/bin/tracecode/test_data/filtering/t/trace.70676,/home/pombredanne/bin/tracecode/tst/test_data/filtering/t/trace.70676
/home/pombredanne/bin/tracecode/test_data/grep/.svn/all-wcprops,/home/pombredanne/bin/tracecode/tst/test_data/grep/.svn/all-wcprops
/home/pombredanne/bin/tracecode/test_data/grep/.svn/entries,/home/pombredanne/bin/tracecode/tst/test_data/grep/.svn/entries
/home/pombredanne/bin/tracecode/test_data/grep/trace/.svn/all-wcprops,/home/pombredanne/bin/tracecode/tst/test_data/grep/trace/.svn/all-wcprops
/home/pombredanne/bin/tracecode/test_data/grep/trace/.svn/entries,/home/pombredanne/bin/tracecode/tst/test_data/grep/trace/.svn/entries
/home/pombredanne/bin/tracecode/test_data/grep/trace/.svn/text-base/t.2799712.svn-base,/home/pombredanne/bin/tracecode/tst/test_data/grep/trace/.svn/text-base/t.2799712.svn-base
/home/pombredanne/bin/tracecode/test_data/grep/trace/t.2799712,/home/pombredanne/bin/tracecode/tst/test_data/grep/trace/t.2799712
/home/pombredanne/bin/tracecode/test_data/grep2/.svn/all-wcprops,/home/pombredanne/bin/tracecode/tst/test_data/grep2/.svn/all-wcprops
/home/pombredanne/bin/tracecode/test_data/grep2/.svn/entries,/home/pombredanne/bin/tracecode/tst/test_data/grep2/.svn/entries
/home/pombredanne/bin/tracecode/test_data/grep2/trace/.svn/all-wcprops,/home/pombredanne/bin/tracecode/tst/test_data/grep2/trace/.svn/all-wcprops
/home/pombredanne/bin/tracecode/test_data/grep2/trace/.svn/entries,/home/pombredanne/bin/tracecode/tst/test_data/grep2/trace/.svn/entries
/home/pombredanne/bin/tracecode/test_data/grep2/trace/.svn/text-base/t.2799712.svn-base,/home/pombredanne/bin/tracecode/tst/test_data/grep2/trace/.svn/text-base/t.2799712.svn-base
/home/pombredanne/bin/tracecode/test_data/grep2/trace/.svn/text-base/t.2799713.svn-base,/home/pombredanne/bin/tracecode/tst/test_data/grep2/trace/.svn/text-base/t.2799713.svn-base
/home/pombredanne/bin/tracecode/test_data/grep2/trace/t.2799712,/home/pombredanne/bin/tracecode/tst/test_data/grep2/trace/t.2799712
/home/pombredanne/bin/tracecode/test_data/grep2/trace/t.2799713,/home/pombredanne/bin/tracecode/tst/test_data/grep2/trace/t.2799713
/home/pombredanne/bin/tracecode/test_data/grep3/.svn/all-wcprops,/home/pombredanne/bin/tracecode/tst/test_data/grep3/.svn/all-wcprops
/home/pombredanne/bin/tracecode/test_data/grep3/.svn/entries,/home/pombredanne/bin/tracecode/tst/test_data/grep3/.svn/entries
/home/pombredanne/bin/tracecode/test_data/grep3/trace/.svn/all-wcprops,/home/pombredanne/bin/tracecode/tst/test_data/grep3/trace/.svn/all-wcprops
/home/pombredanne/bin/tracecode/test_data/grep3/trace/.svn/entries,/home/pombredanne/bin/tracecode/tst/test_data/grep3/trace/.svn/entries
/home/pombredanne/bin/tracecode/test_data/grep3/trace/.svn/text-base/t.2799712.svn-base,/home/pombredanne/bin/tracecode/tst/test_data/grep3/trace/.svn/text-base/t.2799712.svn-base
/home/pombredanne/bin/tracecode/test_data/grep3/trace/.svn/text-base/t.2799713.svn-base,/home/pombredanne/bin/tracecode/tst/test_data/grep3/trace/.svn/text-base/t.2799713.svn-base
/home/pombredanne/bin/tracecode/test_data/grep3/trace/.svn/text-base/t.2799714.svn-base,/home/pombredanne/bin/tracecode/tst/test_data/grep3/trace/.svn/text-base/t.2799714.svn-base
/home/pombredanne/bin/tracecode/test_data/grep3/trace/t.2799712,/home/pombredanne/bin/tracecode/tst/test_data/grep3/trace/t.2799712
/home/pombredanne/bin/tracecode/test_data/grep3/trace/t.2799713,/home/pombredanne/bin/tracecode/tst/test_data/grep3/trace/t.2799713
/home/pombredanne/bin/tracecode/test_data/grep3/trace/t.2799714,/home/pombredanne/bin/tracecode/tst/test_data/grep3/trace/t.2799714
/home/pombredanne/bin/tracecode/test_data/interleaving/.svn/all-wcprops,/home/pombredanne/bin/tracecode/tst/test_data/interleaving/.svn/all-wcprops
/home/pombredanne/bin/tracecode/test_data/interleaving/.svn/entries,/home/pombredanne/bin/tracecode/tst/test_data/interleaving/.svn/entries
/home/pombredanne/bin/tracecode/test_data/interleaving/trace/.svn/all-wcprops,/home/pombredanne/bin/tracecode/tst/test_data/interleaving/trace/.svn/all-wcprops
/home/pombredanne/bin/tracecode/test_data/interleaving/trace/.svn/entries,/home/pombredanne/bin/tracecode/tst/test_data/interleaving/trace/.svn/entries
/home/pombredanne/bin/tracecode/test_data/interleaving/trace/.svn/text-base/cp-trace.1.svn-base,/home/pombredanne/bin/tracecode/tst/test_data/interleaving/trace/.svn/text-base/cp-trace.1.svn-base
/home/pombredanne/bin/tracecode/test_data/interleaving/trace/.svn/text-base/cp-trace.2.svn-base,/home/pombredanne/bin/tracecode/tst/test_data/interleaving/trace/.svn/text-base/cp-trace.2.svn-base
/home/pombredanne/bin/tracecode/test_data/interleaving/trace/.svn/text-base/t.15480.svn-base,/home/pombredanne/bin/tracecode/tst/test_data/interleaving/trace/.svn/text-base/t.15480.svn-base
/home/pombredanne/bin/tracecode/test_data/interleaving/trace/cp-trace.1,/home/pombredanne/bin/tracecode/tst/test_data/interleaving/trace/cp-trace.1
/home/pombredanne/bin/tracecode/test_data/interleaving/trace/cp-trace.2,/home/pombredanne/bin/tracecode/tst/test_data/interleaving/trace/cp-trace.2
/home/pombredanne/bin/tracecode/test_data/interleaving/trace/t.15480,/home/pombredanne/bin/tracecode/tst/test_data/interleaving/trace/t.15480
/home/pombredanne/bin/tracecode/test_data/lists/.svn/all-wcprops,/home/pombredanne/bin/tracecode/tst/test_data/lists/.svn/all-wcprops
/home/pombredanne/bin/tracecode/test_data/lists/.svn/entries,/home/pombredanne/bin/tracecode/tst/test_data/lists/.svn/entries
/home/pombredanne/bin/tracecode/test_data/lists/trace/.svn/all-wcprops,/home/pombredanne/bin/tracecode/tst/test_data/lists/trace/.svn/all-wcprops
/home/pombredanne/bin/tracecode/test_data/lists/trace/.svn/entries,/home/pombredanne/bin/tracecode/tst/test_data/lists/trace/.svn/entries
/home/pombredanne/bin/tracecode/test_data/lists/trace/.svn/text-base/t.2799712.svn-base,/home/pombredanne/bin/tracecode/tst/test_data/lists/trace/.svn/text-base/t.2799712.svn-base
/home/pombredanne/bin/tracecode/test_data/lists/trace/t.2799712,/home/pombredanne/bin/tracecode/tst/test_data/lists/trace/t.2799712
/home/pombredanne/bin/tracecode/test_data/lists_patchelf/.svn/all-wcprops,/home/pombredanne/bin/tracecode/tst/test_data/lists_patchelf/.svn/all-wcprops
/home/pombredanne/bin/tracecode/test_data/lists_patchelf/.svn/entries,/home/pombredanne/bin/tracecode/tst/test_data/lists_patchelf/.svn/entries
/home/pombredanne/bin/tracecode/test_data/lists_patchelf/.svn/prop-base/trace-archive.tar.bz2.svn-base,/home/pombredanne/bin/tracecode/tst/test_data/lists_patchelf/.svn/prop-base/trace-archive.tar.bz2.svn-base
/home/pombredanne/bin/tracecode/test_data/lists_patchelf/.svn/text-base/expected.svn-base,/home/pombredanne/bin/tracecode/tst/test_data/lists_patchelf/.svn/text-base/expected.svn-base
/home/pombredanne/bin/tracecode/test_data/lists_patchelf/.svn/text-base/trace-archive.tar.bz2.svn-base,/home/pombredanne/bin/tracecode/tst/test_data/lists_patchelf/.svn/text-base/trace-archive.tar.bz2.svn-base
/home/pombredanne/bin/tracecode/test_data/lists_patchelf/expected,/home/pombredanne/bin/tracecode/tst/test_data/lists_patchelf/expected
/home/pombredanne/bin/tracecode/test_data/lists_patchelf/trace-archive.tar.bz2,/home/pombredanne/bin/tracecode/tst/test_data/lists_patchelf/trace-archive.tar.bz2
/home/pombredanne/bin/tracecode/test_data/parse_does_not_hang/.svn/all-wcprops,/home/pombredanne/bin/tracecode/tst/test_data/parse_does_not_hang/.svn/all-wcprops
/home/pombredanne/bin/tracecode/test_data/parse_does_not_hang/.svn/entries,/home/pombredanne/bin/tracecode/tst/test_data/parse_does_not_hang/.svn/entries
/home/pombredanne/bin/tracecode/test_data/parse_does_not_hang/.svn/prop-base/trace-archive.tar.bz2.svn-base,/home/pombredanne/bin/tracecode/tst/test_data/parse_does_not_hang/.svn/prop-base/trace-archive.tar.bz2.svn-base
/home/pombredanne/bin/tracecode/test_data/parse_does_not_hang/.svn/text-base/trace-archive.tar.bz2.svn-base,/home/pombredanne/bin/tracecode/tst/test_data/parse_does_not_hang/.svn/text-base/trace-archive.tar.bz2.svn-base
/home/pombredanne/bin/tracecode/test_data/parse_does_not_hang/trace-archive.tar.bz2,/home/pombredanne/bin/tracecode/tst/test_data/parse_does_not_hang/trace-archive.tar.bz2
/home/pombredanne/bin/tracecode/test_data/parse_entry/.svn/all-wcprops,/home/pombredanne/bin/tracecode/tst/test_data/parse_entry/.svn/all-wcprops
/home/pombredanne/bin/tracecode/test_data/parse_entry/.svn/entries,/home/pombredanne/bin/tracecode/tst/test_data/parse_entry/.svn/entries
/home/pombredanne/bin/tracecode/test_data/parse_entry/.svn/text-base/basic.trace.svn-base,/home/pombredanne/bin/tracecode/tst/test_data/parse_entry/.svn/text-base/basic.trace.svn-base
/home/pombredanne/bin/tracecode/test_data/parse_entry/basic.trace,/home/pombredanne/bin/tracecode/tst/test_data/parse_entry/basic.trace
/home/pombredanne/bin/tracecode/test_data/parse_error/.svn/all-wcprops,/home/pombredanne/bin/tracecode/tst/test_data/parse_error/.svn/all-wcprops
/home/pombredanne/bin/tracecode/test_data/parse_error/.svn/entries,/home/pombredanne/bin/tracecode/tst/test_data/parse_error/.svn/entries
/home/pombredanne/bin/tracecode/test_data/parse_error/.svn/text-base/trace.1.svn-base,/home/pombredanne/bin/tracecode/tst/test_data/parse_error/.svn/text-base/trace.1.svn-base
/home/pombredanne/bin/tracecode/test_data/parse_error/trace.1,/home/pombredanne/bin/tracecode/tst/test_data/parse_error/trace.1
/home/pombredanne/bin/tracecode/test_data/patchelf_command/.svn/all-wcprops,/home/pombredanne/bin/tracecode/tst/test_data/patchelf_command/.svn/all-wcprops
/home/pombredanne/bin/tracecode/test_data/patchelf_command/.svn/entries,/home/pombredanne/bin/tracecode/tst/test_data/patchelf_command/.svn/entries
/home/pombredanne/bin/tracecode/test_data/patchelf_command/.svn/prop-base/trace-archive.tar.bz2.svn-base,/home/pombredanne/bin/tracecode/tst/test_data/patchelf_command/.svn/prop-base/trace-archive.tar.bz2.svn-base
/home/pombredanne/bin/tracecode/test_data/patchelf_command/.svn/text-base/trace-archive.tar.bz2.svn-base,/home/pombredanne/bin/tracecode/tst/test_data/patchelf_command/.svn/text-base/trace-archive.tar.bz2.svn-base
/home/pombredanne/bin/tracecode/test_data/patchelf_command/trace-archive.tar.bz2,/home/pombredanne/bin/tracecode/tst/test_data/patchelf_command/trace-archive.tar.bz2
/home/pombredanne/bin/tracecode/test_data/patchelf_command2/.svn/all-wcprops,/home/pombredanne/bin/tracecode/tst/test_data/patchelf_command2/.svn/all-wcprops
/home/pombredanne/bin/tracecode/test_data/patchelf_command2/.svn/entries,/home/pombredanne/bin/tracecode/tst/test_data/patchelf_command2/.svn/entries
/home/pombredanne/bin/tracecode/test_data/patchelf_command2/.svn/prop-base/expected_pformats.tar.bz2.svn-base,/home/pombredanne/bin/tracecode/tst/test_data/patchelf_command2/.svn/prop-base/expected_pformats.tar.bz2.svn-base
/home/pombredanne/bin/tracecode/test_data/patchelf_command2/.svn/prop-base/trace-archive.tar.bz2.svn-base,/home/pombredanne/bin/tracecode/tst/test_data/patchelf_command2/.svn/prop-base/trace-archive.tar.bz2.svn-base
/home/pombredanne/bin/tracecode/test_data/patchelf_command2/.svn/text-base/expected_pformats.tar.bz2.svn-base,/home/pombredanne/bin/tracecode/tst/test_data/patchelf_command2/.svn/text-base/expected_pformats.tar.bz2.svn-base
/home/pombredanne/bin/tracecode/test_data/patchelf_command2/.svn/text-base/ignored_reads.lst.svn-base,/home/pombredanne/bin/tracecode/tst/test_data/patchelf_command2/.svn/text-base/ignored_reads.lst.svn-base
/home/pombredanne/bin/tracecode/test_data/patchelf_command2/.svn/text-base/trace-archive.tar.bz2.svn-base,/home/pombredanne/bin/tracecode/tst/test_data/patchelf_command2/.svn/text-base/trace-archive.tar.bz2.svn-base
/home/pombredanne/bin/tracecode/test_data/patchelf_command2/expected_pformats.tar.bz2,/home/pombredanne/bin/tracecode/tst/test_data/patchelf_command2/expected_pformats.tar.bz2
/home/pombredanne/bin/tracecode/test_data/patchelf_command2/ignored_reads.lst,/home/pombredanne/bin/tracecode/tst/test_data/patchelf_command2/ignored_reads.lst
/home/pombredanne/bin/tracecode/test_data/patchelf_command2/trace-archive.tar.bz2,/home/pombredanne/bin/tracecode/tst/test_data/patchelf_command2/trace-archive.tar.bz2
/home/pombredanne/bin/tracecode/test_data/pformat_cups/.svn/all-wcprops,/home/pombredanne/bin/tracecode/tst/test_data/pformat_cups/.svn/all-wcprops
/home/pombredanne/bin/tracecode/test_data/pformat_cups/.svn/entries,/home/pombredanne/bin/tracecode/tst/test_data/pformat_cups/.svn/entries
/home/pombredanne/bin/tracecode/test_data/pformat_cups/.svn/prop-base/expected_pformats.tar.bz2.svn-base,/home/pombredanne/bin/tracecode/tst/test_data/pformat_cups/.svn/prop-base/expected_pformats.tar.bz2.svn-base
/home/pombredanne/bin/tracecode/test_data/pformat_cups/.svn/prop-base/trace-archive.tar.bz2.svn-base,/home/pombredanne/bin/tracecode/tst/test_data/pformat_cups/.svn/prop-base/trace-archive.tar.bz2.svn-base
/home/pombredanne/bin/tracecode/test_data/pformat_cups/.svn/text-base/expected_pformats.tar.bz2.svn-base,/home/pombredanne/bin/tracecode/tst/test_data/pformat_cups/.svn/text-base/expected_pformats.tar.bz2.svn-base
/home/pombredanne/bin/tracecode/test_data/pformat_cups/.svn/text-base/trace-archive.tar.bz2.svn-base,/home/pombredanne/bin/tracecode/tst/test_data/pformat_cups/.svn/text-base/trace-archive.tar.bz2.svn-base
/home/pombredanne/bin/tracecode/test_data/pformat_cups/expected_pformats.tar.bz2,/home/pombredanne/bin/tracecode/tst/test_data/pformat_cups/expected_pformats.tar.bz2
/home/pombredanne/bin/tracecode/test_data/pformat_cups/trace-archive.tar.bz2,/home/pombredanne/bin/tracecode/tst/test_data/pformat_cups/trace-archive.tar.bz2
/home/pombredanne/bin/tracecode/test_data/pformat_grep2/.svn/all-wcprops,/home/pombredanne/bin/tracecode/tst/test_data/pformat_grep2/.svn/all-wcprops
/home/pombredanne/bin/tracecode/test_data/pformat_grep2/.svn/entries,/home/pombredanne/bin/tracecode/tst/test_data/pformat_grep2/.svn/entries
/home/pombredanne/bin/tracecode/test_data/pformat_grep2/.svn/prop-base/expected_pformats.tar.bz2.svn-base,/home/pombredanne/bin/tracecode/tst/test_data/pformat_grep2/.svn/prop-base/expected_pformats.tar.bz2.svn-base
/home/pombredanne/bin/tracecode/test_data/pformat_grep2/.svn/prop-base/trace-archive.tar.bz2.svn-base,/home/pombredanne/bin/tracecode/tst/test_data/pformat_grep2/.svn/prop-base/trace-archive.tar.bz2.svn-base
/home/pombredanne/bin/tracecode/test_data/pformat_grep2/.svn/text-base/expected_pformats.tar.bz2.svn-base,/home/pombredanne/bin/tracecode/tst/test_data/pformat_grep2/.svn/text-base/expected_pformats.tar.bz2.svn-base
/home/pombredanne/bin/tracecode/test_data/pformat_grep2/.svn/text-base/trace-archive.tar.bz2.svn-base,/home/pombredanne/bin/tracecode/tst/test_data/pformat_grep2/.svn/text-base/trace-archive.tar.bz2.svn-base
/home/pombredanne/bin/tracecode/test_data/pformat_grep2/expected_pformats.tar.bz2,/home/pombredanne/bin/tracecode/tst/test_data/pformat_grep2/expected_pformats.tar.bz2
/home/pombredanne/bin/tracecode/test_data/pformat_grep2/trace-archive.tar.bz2,/home/pombredanne/bin/tracecode/tst/test_data/pformat_grep2/trace-archive.tar.bz2
/home/pombredanne/bin/tracecode/test_data/pformat_grep3/.svn/all-wcprops,/home/pombredanne/bin/tracecode/tst/test_data/pformat_grep3/.svn/all-wcprops
/home/pombredanne/bin/tracecode/test_data/pformat_grep3/.svn/entries,/home/pombredanne/bin/tracecode/tst/test_data/pformat_grep3/.svn/entries
/home/pombredanne/bin/tracecode/test_data/pformat_grep3/.svn/prop-base/expected_pformats.tar.bz2.svn-base,/home/pombredanne/bin/tracecode/tst/test_data/pformat_grep3/.svn/prop-base/expected_pformats.tar.bz2.svn-base
/home/pombredanne/bin/tracecode/test_data/pformat_grep3/.svn/prop-base/trace-archive.tar.bz2.svn-base,/home/pombredanne/bin/tracecode/tst/test_data/pformat_grep3/.svn/prop-base/trace-archive.tar.bz2.svn-base
/home/pombredanne/bin/tracecode/test_data/pformat_grep3/.svn/text-base/expected_pformats.tar.bz2.svn-base,/home/pombredanne/bin/tracecode/tst/test_data/pformat_grep3/.svn/text-base/expected_pformats.tar.bz2.svn-base
/home/pombredanne/bin/tracecode/test_data/pformat_grep3/.svn/text-base/trace-archive.tar.bz2.svn-base,/home/pombredanne/bin/tracecode/tst/test_data/pformat_grep3/.svn/text-base/trace-archive.tar.bz2.svn-base
/home/pombredanne/bin/tracecode/test_data/pformat_grep3/expected_pformats.tar.bz2,/home/pombredanne/bin/tracecode/tst/test_data/pformat_grep3/expected_pformats.tar.bz2
/home/pombredanne/bin/tracecode/test_data/pformat_grep3/trace-archive.tar.bz2,/home/pombredanne/bin/tracecode/tst/test_data/pformat_grep3/trace-archive.tar.bz2
/home/pombredanne/bin/tracecode/test_data/pformat_patchelf/.svn/all-wcprops,/home/pombredanne/bin/tracecode/tst/test_data/pformat_patchelf/.svn/all-wcprops
/home/pombredanne/bin/tracecode/test_data/pformat_patchelf/.svn/entries,/home/pombredanne/bin/tracecode/tst/test_data/pformat_patchelf/.svn/entries
/home/pombredanne/bin/tracecode/test_data/pformat_patchelf/.svn/prop-base/expected_pformats.tar.bz2.svn-base,/home/pombredanne/bin/tracecode/tst/test_data/pformat_patchelf/.svn/prop-base/expected_pformats.tar.bz2.svn-base
/home/pombredanne/bin/tracecode/test_data/pformat_patchelf/.svn/prop-base/trace-archive.tar.bz2.svn-base,/home/pombredanne/bin/tracecode/tst/test_data/pformat_patchelf/.svn/prop-base/trace-archive.tar.bz2.svn-base
/home/pombredanne/bin/tracecode/test_data/pformat_patchelf/.svn/text-base/expected_pformats.tar.bz2.svn-base,/home/pombredanne/bin/tracecode/tst/test_data/pformat_patchelf/.svn/text-base/expected_pformats.tar.bz2.svn-base
/home/pombredanne/bin/tracecode/test_data/pformat_patchelf/.svn/text-base/trace-archive.tar.bz2.svn-base,/home/pombredanne/bin/tracecode/tst/test_data/pformat_patchelf/.svn/text-base/trace-archive.tar.bz2.svn-base
/home/pombredanne/bin/tracecode/test_data/pformat_patchelf/expected_pformats.tar.bz2,/home/pombredanne/bin/tracecode/tst/test_data/pformat_patchelf/expected_pformats.tar.bz2
/home/pombredanne/bin/tracecode/test_data/pformat_patchelf/trace-archive.tar.bz2,/home/pombredanne/bin/tracecode/tst/test_data/pformat_patchelf/trace-archive.tar.bz2
/home/pombredanne/bin/tracecode/test_data/pformat_strace_cleaning/.svn/all-wcprops,/home/pombredanne/bin/tracecode/tst/test_data/pformat_strace_cleaning/.svn/all-wcprops
/home/pombredanne/bin/tracecode/test_data/pformat_strace_cleaning/.svn/entries,/home/pombredanne/bin/tracecode/tst/test_data/pformat_strace_cleaning/.svn/entries
/home/pombredanne/bin/tracecode/test_data/pformat_strace_cleaning/.svn/prop-base/expected_pformats.tar.bz2.svn-base,/home/pombredanne/bin/tracecode/tst/test_data/pformat_strace_cleaning/.svn/prop-base/expected_pformats.tar.bz2.svn-base
/home/pombredanne/bin/tracecode/test_data/pformat_strace_cleaning/.svn/prop-base/trace-archive.tar.bz2.svn-base,/home/pombredanne/bin/tracecode/tst/test_data/pformat_strace_cleaning/.svn/prop-base/trace-archive.tar.bz2.svn-base
/home/pombredanne/bin/tracecode/test_data/pformat_strace_cleaning/.svn/text-base/expected_pformats.tar.bz2.svn-base,/home/pombredanne/bin/tracecode/tst/test_data/pformat_strace_cleaning/.svn/text-base/expected_pformats.tar.bz2.svn-base
/home/pombredanne/bin/tracecode/test_data/pformat_strace_cleaning/.svn/text-base/trace-archive.tar.bz2.svn-base,/home/pombredanne/bin/tracecode/tst/test_data/pformat_strace_cleaning/.svn/text-base/trace-archive.tar.bz2.svn-base
/home/pombredanne/bin/tracecode/test_data/pformat_strace_cleaning/expected_pformats.tar.bz2,/home/pombredanne/bin/tracecode/tst/test_data/pformat_strace_cleaning/expected_pformats.tar.bz2
/home/pombredanne/bin/tracecode/test_data/pformat_strace_cleaning/trace-archive.tar.bz2,/home/pombredanne/bin/tracecode/tst/test_data/pformat_strace_cleaning/trace-archive.tar.bz2
/home/pombredanne/bin/tracecode/test_data/pformat_strace_cleaning_dir/.svn/all-wcprops,/home/pombredanne/bin/tracecode/tst/test_data/pformat_strace_cleaning_dir/.svn/all-wcprops
/home/pombredanne/bin/tracecode/test_data/pformat_strace_cleaning_dir/.svn/entries,/home/pombredanne/bin/tracecode/tst/test_data/pformat_strace_cleaning_dir/.svn/entries
/home/pombredanne/bin/tracecode/test_data/pformat_strace_cleaning_dir/.svn/prop-base/expected_pformats.tar.bz2.svn-base,/home/pombredanne/bin/tracecode/tst/test_data/pformat_strace_cleaning_dir/.svn/prop-base/expected_pformats.tar.bz2.svn-base
/home/pombredanne/bin/tracecode/test_data/pformat_strace_cleaning_dir/.svn/prop-base/trace-archive.tar.bz2.svn-base,/home/pombredanne/bin/tracecode/tst/test_data/pformat_strace_cleaning_dir/.svn/prop-base/trace-archive.tar.bz2.svn-base
/home/pombredanne/bin/tracecode/test_data/pformat_strace_cleaning_dir/.svn/text-base/expected_pformats.tar.bz2.svn-base,/home/pombredanne/bin/tracecode/tst/test_data/pformat_strace_cleaning_dir/.svn/text-base/expected_pformats.tar.bz2.svn-base
/home/pombredanne/bin/tracecode/test_data/pformat_strace_cleaning_dir/.svn/text-base/trace-archive.tar.bz2.svn-base,/home/pombredanne/bin/tracecode/tst/test_data/pformat_strace_cleaning_dir/.svn/text-base/trace-archive.tar.bz2.svn-base
/home/pombredanne/bin/tracecode/test_data/pformat_strace_cleaning_dir/expected_pformats.tar.bz2,/home/pombredanne/bin/tracecode/tst/test_data/pformat_strace_cleaning_dir/expected_pformats.tar.bz2
/home/pombredanne/bin/tracecode/test_data/pformat_strace_cleaning_dir/trace-archive.tar.bz2,/home/pombredanne/bin/tracecode/tst/test_data/pformat_strace_cleaning_dir/trace-archive.tar.bz2
/home/pombredanne/bin/tracecode/test_data/pformat_strace_full/.svn/all-wcprops,/home/pombredanne/bin/tracecode/tst/test_data/pformat_strace_full/.svn/all-wcprops
/home/pombredanne/bin/tracecode/test_data/pformat_strace_full/.svn/entries,/home/pombredanne/bin/tracecode/tst/test_data/pformat_strace_full/.svn/entries
/home/pombredanne/bin/tracecode/test_data/pformat_strace_full/.svn/prop-base/expected_pformats.tar.bz2.svn-base,/home/pombredanne/bin/tracecode/tst/test_data/pformat_strace_full/.svn/prop-base/expected_pformats.tar.bz2.svn-base
/home/pombredanne/bin/tracecode/test_data/pformat_strace_full/.svn/prop-base/trace-archive.tar.bz2.svn-base,/home/pombredanne/bin/tracecode/tst/test_data/pformat_strace_full/.svn/prop-base/trace-archive.tar.bz2.svn-base
/home/pombredanne/bin/tracecode/test_data/pformat_strace_full/.svn/text-base/expected_pformats.tar.bz2.svn-base,/home/pombredanne/bin/tracecode/tst/test_data/pformat_strace_full/.svn/text-base/expected_pformats.tar.bz2.svn-base
/home/pombredanne/bin/tracecode/test_data/pformat_strace_full/.svn/text-base/trace-archive.tar.bz2.svn-base,/home/pombredanne/bin/tracecode/tst/test_data/pformat_strace_full/.svn/text-base/trace-archive.tar.bz2.svn-base
/home/pombredanne/bin/tracecode/test_data/pformat_strace_full/expected_pformats.tar.bz2,/home/pombredanne/bin/tracecode/tst/test_data/pformat_strace_full/expected_pformats.tar.bz2
/home/pombredanne/bin/tracecode/test_data/pformat_strace_full/trace-archive.tar.bz2,/home/pombredanne/bin/tracecode/tst/test_data/pformat_strace_full/trace-archive.tar.bz2
/home/pombredanne/bin/tracecode/test_data/pformat_strace_saved/.svn/all-wcprops,/home/pombredanne/bin/tracecode/tst/test_data/pformat_strace_saved/.svn/all-wcprops
/home/pombredanne/bin/tracecode/test_data/pformat_strace_saved/.svn/entries,/home/pombredanne/bin/tracecode/tst/test_data/pformat_strace_saved/.svn/entries
/home/pombredanne/bin/tracecode/test_data/pformat_strace_saved/.svn/prop-base/expected_pformats.tar.bz2.svn-base,/home/pombredanne/bin/tracecode/tst/test_data/pformat_strace_saved/.svn/prop-base/expected_pformats.tar.bz2.svn-base
/home/pombredanne/bin/tracecode/test_data/pformat_strace_saved/.svn/prop-base/trace-archive.tar.bz2.svn-base,/home/pombredanne/bin/tracecode/tst/test_data/pformat_strace_saved/.svn/prop-base/trace-archive.tar.bz2.svn-base
/home/pombredanne/bin/tracecode/test_data/pformat_strace_saved/.svn/text-base/expected_pformats.tar.bz2.svn-base,/home/pombredanne/bin/tracecode/tst/test_data/pformat_strace_saved/.svn/text-base/expected_pformats.tar.bz2.svn-base
/home/pombredanne/bin/tracecode/test_data/pformat_strace_saved/.svn/text-base/trace-archive.tar.bz2.svn-base,/home/pombredanne/bin/tracecode/tst/test_data/pformat_strace_saved/.svn/text-base/trace-archive.tar.bz2.svn-base
/home/pombredanne/bin/tracecode/test_data/pformat_strace_saved/expected_pformats.tar.bz2,/home/pombredanne/bin/tracecode/tst/test_data/pformat_strace_saved/expected_pformats.tar.bz2
/home/pombredanne/bin/tracecode/test_data/pformat_strace_saved/trace-archive.tar.bz2,/home/pombredanne/bin/tracecode/tst/test_data/pformat_strace_saved/trace-archive.tar.bz2
/home/pombredanne/bin/tracecode/test_data/render_graph/.svn/all-wcprops,/home/pombredanne/bin/tracecode/tst/test_data/render_graph/.svn/all-wcprops
/home/pombredanne/bin/tracecode/test_data/render_graph/.svn/entries,/home/pombredanne/bin/tracecode/tst/test_data/render_graph/.svn/entries
/home/pombredanne/bin/tracecode/test_data/render_graph/.svn/text-base/expected.dot.svn-base,/home/pombredanne/bin/tracecode/tst/test_data/render_graph/.svn/text-base/expected.dot.svn-base
/home/pombredanne/bin/tracecode/test_data/render_graph/expected.dot,/home/pombredanne/bin/tracecode/tst/test_data/render_graph/expected.dot
/home/pombredanne/bin/tracecode/test_data/render_graph/trace/.svn/all-wcprops,/home/pombredanne/bin/tracecode/tst/test_data/render_graph/trace/.svn/all-wcprops
/home/pombredanne/bin/tracecode/test_data/render_graph/trace/.svn/entries,/home/pombredanne/bin/tracecode/tst/test_data/render_graph/trace/.svn/entries
/home/pombredanne/bin/tracecode/test_data/render_graph/trace/.svn/text-base/t.2799712.svn-base,/home/pombredanne/bin/tracecode/tst/test_data/render_graph/trace/.svn/text-base/t.2799712.svn-base
/home/pombredanne/bin/tracecode/test_data/render_graph/trace/t.2799712,/home/pombredanne/bin/tracecode/tst/test_data/render_graph/trace/t.2799712
/home/pombredanne/bin/tracecode/test_data/render_graph_bash/.svn/all-wcprops,/home/pombredanne/bin/tracecode/tst/test_data/render_graph_bash/.svn/all-wcprops
/home/pombredanne/bin/tracecode/test_data/render_graph_bash/.svn/entries,/home/pombredanne/bin/tracecode/tst/test_data/render_graph_bash/.svn/entries
/home/pombredanne/bin/tracecode/test_data/render_graph_bash/.svn/prop-base/trace-archive.tar.bz2.svn-base,/home/pombredanne/bin/tracecode/tst/test_data/render_graph_bash/.svn/prop-base/trace-archive.tar.bz2.svn-base
/home/pombredanne/bin/tracecode/test_data/render_graph_bash/.svn/text-base/expected.dot.svn-base,/home/pombredanne/bin/tracecode/tst/test_data/render_graph_bash/.svn/text-base/expected.dot.svn-base
/home/pombredanne/bin/tracecode/test_data/render_graph_bash/.svn/text-base/trace-archive.tar.bz2.svn-base,/home/pombredanne/bin/tracecode/tst/test_data/render_graph_bash/.svn/text-base/trace-archive.tar.bz2.svn-base
/home/pombredanne/bin/tracecode/test_data/render_graph_bash/expected.dot,/home/pombredanne/bin/tracecode/tst/test_data/render_graph_bash/expected.dot
/home/pombredanne/bin/tracecode/test_data/render_graph_bash/trace-archive.tar.bz2,/home/pombredanne/bin/tracecode/tst/test_data/render_graph_bash/trace-archive.tar.bz2
/home/pombredanne/bin/tracecode/test_data/render_graph_cups/.svn/all-wcprops,/home/pombredanne/bin/tracecode/tst/test_data/render_graph_cups/.svn/all-wcprops
/home/pombredanne/bin/tracecode/test_data/render_graph_cups/.svn/entries,/home/pombredanne/bin/tracecode/tst/test_data/render_graph_cups/.svn/entries
/home/pombredanne/bin/tracecode/test_data/render_graph_cups/.svn/prop-base/trace-archive.tar.bz2.svn-base,/home/pombredanne/bin/tracecode/tst/test_data/render_graph_cups/.svn/prop-base/trace-archive.tar.bz2.svn-base
/home/pombredanne/bin/tracecode/test_data/render_graph_cups/.svn/text-base/expected.dot.svn-base,/home/pombredanne/bin/tracecode/tst/test_data/render_graph_cups/.svn/text-base/expected.dot.svn-base
/home/pombredanne/bin/tracecode/test_data/render_graph_cups/.svn/text-base/trace-archive.tar.bz2.svn-base,/home/pombredanne/bin/tracecode/tst/test_data/render_graph_cups/.svn/text-base/trace-archive.tar.bz2.svn-base
/home/pombredanne/bin/tracecode/test_data/render_graph_cups/expected.dot,/home/pombredanne/bin/tracecode/tst/test_data/render_graph_cups/expected.dot
/home/pombredanne/bin/tracecode/test_data/render_graph_cups/trace-archive.tar.bz2,/home/pombredanne/bin/tracecode/tst/test_data/render_graph_cups/trace-archive.tar.bz2
/home/pombredanne/bin/tracecode/test_data/render_graph_patchelf/.svn/all-wcprops,/home/pombredanne/bin/tracecode/tst/test_data/render_graph_patchelf/.svn/all-wcprops
/home/pombredanne/bin/tracecode/test_data/render_graph_patchelf/.svn/entries,/home/pombredanne/bin/tracecode/tst/test_data/render_graph_patchelf/.svn/entries
/home/pombredanne/bin/tracecode/test_data/render_graph_patchelf/.svn/prop-base/trace-archive.tar.bz2.svn-base,/home/pombredanne/bin/tracecode/tst/test_data/render_graph_patchelf/.svn/prop-base/trace-archive.tar.bz2.svn-base
/home/pombredanne/bin/tracecode/test_data/render_graph_patchelf/.svn/text-base/expected.dot.svn-base,/home/pombredanne/bin/tracecode/tst/test_data/render_graph_patchelf/.svn/text-base/expected.dot.svn-base
/home/pombredanne/bin/tracecode/test_data/render_graph_patchelf/.svn/text-base/trace-archive.tar.bz2.svn-base,/home/pombredanne/bin/tracecode/tst/test_data/render_graph_patchelf/.svn/text-base/trace-archive.tar.bz2.svn-base
/home/pombredanne/bin/tracecode/test_data/render_graph_patchelf/expected.dot,/home/pombredanne/bin/tracecode/tst/test_data/render_graph_patchelf/expected.dot
/home/pombredanne/bin/tracecode/test_data/render_graph_patchelf/trace-archive.tar.bz2,/home/pombredanne/bin/tracecode/tst/test_data/render_graph_patchelf/trace-archive.tar.bz2
/home/pombredanne/bin/tracecode/test_data/render_graph_patchelf2/.svn/all-wcprops,/home/pombredanne/bin/tracecode/tst/test_data/render_graph_patchelf2/.svn/all-wcprops
/home/pombredanne/bin/tracecode/test_data/render_graph_patchelf2/.svn/entries,/home/pombredanne/bin/tracecode/tst/test_data/render_graph_patchelf2/.svn/entries
/home/pombredanne/bin/tracecode/test_data/render_graph_patchelf2/.svn/prop-base/trace-archive.tar.bz2.svn-base,/home/pombredanne/bin/tracecode/tst/test_data/render_graph_patchelf2/.svn/prop-base/trace-archive.tar.bz2.svn-base
/home/pombredanne/bin/tracecode/test_data/render_graph_patchelf2/.svn/text-base/expected.dot.svn-base,/home/pombredanne/bin/tracecode/tst/test_data/render_graph_patchelf2/.svn/text-base/expected.dot.svn-base
/home/pombredanne/bin/tracecode/test_data/render_graph_patchelf2/.svn/text-base/trace-archive.tar.bz2.svn-base,/home/pombredanne/bin/tracecode/tst/test_data/render_graph_patchelf2/.svn/text-base/trace-archive.tar.bz2.svn-base
/home/pombredanne/bin/tracecode/test_data/render_graph_patchelf2/expected.dot,/home/pombredanne/bin/tracecode/tst/test_data/render_graph_patchelf2/expected.dot
/home/pombredanne/bin/tracecode/test_data/render_graph_patchelf2/trace-archive.tar.bz2,/home/pombredanne/bin/tracecode/tst/test_data/render_graph_patchelf2/trace-archive.tar.bz2
/home/pombredanne/bin/tracecode/test_data/render_graph_strace/.svn/all-wcprops,/home/pombredanne/bin/tracecode/tst/test_data/render_graph_strace/.svn/all-wcprops
/home/pombredanne/bin/tracecode/test_data/render_graph_strace/.svn/entries,/home/pombredanne/bin/tracecode/tst/test_data/render_graph_strace/.svn/entries
/home/pombredanne/bin/tracecode/test_data/render_graph_strace/.svn/prop-base/trace-archive.tar.bz2.svn-base,/home/pombredanne/bin/tracecode/tst/test_data/render_graph_strace/.svn/prop-base/trace-archive.tar.bz2.svn-base
/home/pombredanne/bin/tracecode/test_data/render_graph_strace/.svn/text-base/expected.dot.svn-base,/home/pombredanne/bin/tracecode/tst/test_data/render_graph_strace/.svn/text-base/expected.dot.svn-base
/home/pombredanne/bin/tracecode/test_data/render_graph_strace/.svn/text-base/trace-archive.tar.bz2.svn-base,/home/pombredanne/bin/tracecode/tst/test_data/render_graph_strace/.svn/text-base/trace-archive.tar.bz2.svn-base
/home/pombredanne/bin/tracecode/test_data/render_graph_strace/expected.dot,/home/pombredanne/bin/tracecode/tst/test_data/render_graph_strace/expected.dot
/home/pombredanne/bin/tracecode/test_data/render_graph_strace/trace-archive.tar.bz2,/home/pombredanne/bin/tracecode/tst/test_data/render_graph_strace/trace-archive.tar.bz2
/home/pombredanne/bin/tracecode/test_data/stats_patchelf/.svn/all-wcprops,/home/pombredanne/bin/tracecode/tst/test_data/stats_patchelf/.svn/all-wcprops
/home/pombredanne/bin/tracecode/test_data/stats_patchelf/.svn/entries,/home/pombredanne/bin/tracecode/tst/test_data/stats_patchelf/.svn/entries
/home/pombredanne/bin/tracecode/test_data/stats_patchelf/.svn/prop-base/trace-archive.tar.bz2.svn-base,/home/pombredanne/bin/tracecode/tst/test_data/stats_patchelf/.svn/prop-base/trace-archive.tar.bz2.svn-base
/home/pombredanne/bin/tracecode/test_data/stats_patchelf/.svn/text-base/expected.svn-base,/home/pombredanne/bin/tracecode/tst/test_data/d2d_cups_settings/.svn/text-base/expected.svn-base
/home/pombredanne/bin/tracecode/test_data/stats_patchelf/.svn/text-base/expected.svn-base,/home/pombredanne/bin/tracecode/tst/test_data/lists_patchelf/.svn/text-base/expected.svn-base
/home/pombredanne/bin/tracecode/test_data/stats_patchelf/.svn/text-base/expected.svn-base,/home/pombredanne/bin/tracecode/tst/test_data/d2d_strace_settings/.svn/text-base/expected.svn-base
/home/pombredanne/bin/tracecode/test_data/stats_patchelf/.svn/text-base/trace-archive.tar.bz2.svn-base,/home/pombredanne/bin/tracecode/tst/test_data/stats_patchelf/.svn/text-base/trace-archive.tar.bz2.svn-base
/home/pombredanne/bin/tracecode/test_data/stats_patchelf/trace-archive.tar.bz2,/home/pombredanne/bin/tracecode/tst/test_data/stats_patchelf/trace-archive.tar.bz2
/home/pombredanne/bin/tracecode/test_data/strace2/.svn/all-wcprops,/home/pombredanne/bin/tracecode/tst/test_data/strace2/.svn/all-wcprops
/home/pombredanne/bin/tracecode/test_data/strace2/.svn/entries,/home/pombredanne/bin/tracecode/tst/test_data/strace2/.svn/entries
/home/pombredanne/bin/tracecode/test_data/strace2/trace/.svn/all-wcprops,/home/pombredanne/bin/tracecode/tst/test_data/strace2/trace/.svn/all-wcprops
/home/pombredanne/bin/tracecode/test_data/strace2/trace/.svn/entries,/home/pombredanne/bin/tracecode/tst/test_data/strace2/trace/.svn/entries
/home/pombredanne/bin/tracecode/test_data/strace2/trace/.svn/text-base/strace.2453402.svn-base,/home/pombredanne/bin/tracecode/tst/test_data/strace2/trace/.svn/text-base/strace.2453402.svn-base
/home/pombredanne/bin/tracecode/test_data/strace2/trace/.svn/text-base/strace2.2453403.svn-base,/home/pombredanne/bin/tracecode/tst/test_data/strace2/trace/.svn/text-base/strace2.2453403.svn-base
/home/pombredanne/bin/tracecode/test_data/strace2/trace/strace.2453402,/home/pombredanne/bin/tracecode/tst/test_data/strace2/trace/strace.2453402
/home/pombredanne/bin/tracecode/test_data/strace2/trace/strace2.2453403,/home/pombredanne/bin/tracecode/tst/test_data/strace2/trace/strace2.2453403
/home/pombredanne/bin/tracecode/test_data/strace3/.svn/all-wcprops,/home/pombredanne/bin/tracecode/tst/test_data/strace3/.svn/all-wcprops
/home/pombredanne/bin/tracecode/test_data/strace3/.svn/entries,/home/pombredanne/bin/tracecode/tst/test_data/strace3/.svn/entries
/home/pombredanne/bin/tracecode/test_data/strace3/trace/.svn/all-wcprops,/home/pombredanne/bin/tracecode/tst/test_data/strace3/trace/.svn/all-wcprops
/home/pombredanne/bin/tracecode/test_data/strace3/trace/.svn/entries,/home/pombredanne/bin/tracecode/tst/test_data/strace3/trace/.svn/entries
/home/pombredanne/bin/tracecode/test_data/strace3/trace/dir/.svn/all-wcprops,/home/pombredanne/bin/tracecode/tst/test_data/strace3/trace/dir/.svn/all-wcprops
/home/pombredanne/bin/tracecode/test_data/strace3/trace/dir/.svn/entries,/home/pombredanne/bin/tracecode/tst/test_data/strace3/trace/dir/.svn/entries
/home/pombredanne/bin/tracecode/test_data/strace_mini/.svn/all-wcprops,/home/pombredanne/bin/tracecode/tst/test_data/strace_mini/.svn/all-wcprops
/home/pombredanne/bin/tracecode/test_data/strace_mini/.svn/entries,/home/pombredanne/bin/tracecode/tst/test_data/strace_mini/.svn/entries
/home/pombredanne/bin/tracecode/test_data/strace_mini/trace/.svn/all-wcprops,/home/pombredanne/bin/tracecode/tst/test_data/strace_mini/trace/.svn/all-wcprops
/home/pombredanne/bin/tracecode/test_data/strace_mini/trace/.svn/entries,/home/pombredanne/bin/tracecode/tst/test_data/strace_mini/trace/.svn/entries
/home/pombredanne/bin/tracecode/test_data/strace_mini/trace/.svn/text-base/strace.2453402.svn-base,/home/pombredanne/bin/tracecode/tst/test_data/strace_mini/trace/.svn/text-base/strace.2453402.svn-base
/home/pombredanne/bin/tracecode/test_data/strace_mini/trace/.svn/text-base/strace.2453403.svn-base,/home/pombredanne/bin/tracecode/tst/test_data/strace_mini/trace/.svn/text-base/strace.2453403.svn-base
/home/pombredanne/bin/tracecode/test_data/strace_mini/trace/strace.2453402,/home/pombredanne/bin/tracecode/tst/test_data/strace_mini/trace/strace.2453402
/home/pombredanne/bin/tracecode/test_data/strace_mini/trace/strace.2453403,/home/pombredanne/bin/tracecode/tst/test_data/strace_mini/trace/strace.2453403
/home/pombredanne/bin/tracecode/test_data/strace_mini2/.svn/all-wcprops,/home/pombredanne/bin/tracecode/tst/test_data/strace_mini2/.svn/all-wcprops
/home/pombredanne/bin/tracecode/test_data/strace_mini2/.svn/entries,/home/pombredanne/bin/tracecode/tst/test_data/strace_mini2/.svn/entries
/home/pombredanne/bin/tracecode/test_data/strace_mini2/trace/.svn/all-wcprops,/home/pombredanne/bin/tracecode/tst/test_data/strace_mini2/trace/.svn/all-wcprops
/home/pombredanne/bin/tracecode/test_data/strace_mini2/trace/.svn/entries,/home/pombredanne/bin/tracecode/tst/test_data/strace_mini2/trace/.svn/entries
/home/pombredanne/bin/tracecode/test_data/strace_mini2/trace/.svn/text-base/strace.2453402.svn-base,/home/pombredanne/bin/tracecode/tst/test_data/strace_mini2/trace/.svn/text-base/strace.2453402.svn-base
/home/pombredanne/bin/tracecode/test_data/strace_mini2/trace/.svn/text-base/strace.2453403.svn-base,/home/pombredanne/bin/tracecode/tst/test_data/strace_mini2/trace/.svn/text-base/strace.2453403.svn-base
/home/pombredanne/bin/tracecode/test_data/strace_mini2/trace/strace.2453402,/home/pombredanne/bin/tracecode/tst/test_data/strace_mini2/trace/strace.2453402
/home/pombredanne/bin/tracecode/test_data/strace_mini2/trace/strace.2453403,/home/pombredanne/bin/tracecode/tst/test_data/strace_mini2/trace/strace.2453403
/home/pombredanne/bin/tracecode/test_data/validate/.svn/all-wcprops,/home/pombredanne/bin/tracecode/tst/test_data/validate/.svn/all-wcprops
/home/pombredanne/bin/tracecode/test_data/validate/.svn/entries,/home/pombredanne/bin/tracecode/tst/test_data/validate/.svn/entries
/home/pombredanne/bin/tracecode/test_data/validate/.svn/prop-base/trace-archive.tar.bz2.svn-base,/home/pombredanne/bin/tracecode/tst/test_data/validate/.svn/prop-base/trace-archive.tar.bz2.svn-base
/home/pombredanne/bin/tracecode/test_data/validate/.svn/text-base/trace-archive.tar.bz2.svn-base,/home/pombredanne/bin/tracecode/tst/test_data/validate/.svn/text-base/trace-archive.tar.bz2.svn-base
/home/pombredanne/bin/tracecode/test_data/validate/trace-archive.tar.bz2,/home/pombredanne/bin/tracecode/tst/test_data/validate/trace-archive.tar.bz2
/home/pombredanne/bin/tracecode/test_data/validate_out_of_order/.svn/all-wcprops,/home/pombredanne/bin/tracecode/tst/test_data/validate_out_of_order/.svn/all-wcprops
/home/pombredanne/bin/tracecode/test_data/validate_out_of_order/.svn/entries,/home/pombredanne/bin/tracecode/tst/test_data/validate_out_of_order/.svn/entries
/home/pombredanne/bin/tracecode/test_data/validate_out_of_order/.svn/prop-base/trace-archive.tar.bz2.svn-base,/home/pombredanne/bin/tracecode/tst/test_data/validate_out_of_order/.svn/prop-base/trace-archive.tar.bz2.svn-base
/home/pombredanne/bin/tracecode/test_data/validate_out_of_order/.svn/text-base/trace-archive.tar.bz2.svn-base,/home/pombredanne/bin/tracecode/tst/test_data/validate_out_of_order/.svn/text-base/trace-archive.tar.bz2.svn-base
/home/pombredanne/bin/tracecode/test_data/validate_out_of_order/trace-archive.tar.bz2,/home/pombredanne/bin/tracecode/tst/test_data/validate_out_of_order/trace-archive.tar.bz2
